// Jest Snapshot v1, https://goo.gl/fbAQLP

exports[`The <ConversationRow /> tests Should match the snapshot 1`] = `
<div>
  <div
    data-testid="mock-mui-card"
  >
    <div
      data-testid="mock-card-action-area"
    >
      <div
        data-testid="mock-mui-card-content"
      >
        <div
          data-testid="mock-mui-box"
        >
          <img
            data-testid="mock-mui-avatar"
            src=""
          />
          <div
            data-testid="mock-mui-box"
          >
            <div
              data-testid="mock-mui-box"
            >
              <div
                data-testid="mock-mui-typography"
              >
                Lydia
                 
                Guzman
              </div>
              <div
                data-testid="mock-mui-typography"
              >
                <span
                  data-testid="mock-message-is-typing"
                />
              </div>
            </div>
          </div>
        </div>
      </div>
    </div>
  </div>
</div>
`;
