// Jest Snapshot v1, https://goo.gl/fbAQLP

exports[`The <UserAvatar /> tests Should match the snapshot 1`] = `
<div>
  <img
    data-testid="mui-avatar"
    src="https://picsum.photos/200"
  />
</div>
`;
