// Jest Snapshot v1, https://goo.gl/fbAQLP

exports[`The <MessageRow /> tests Should match the snapshot 1`] = `
<div>
  <div
    data-testid="mock-message-seen-sensor"
  />
</div>
`;
