// Jest Snapshot v1, https://goo.gl/fbAQLP

exports[`The <MessageSentAt /> tests Should match the snapshot 1`] = `
<div>
  <div
    data-testid="mui-typography"
  >
    a day ago
  </div>
</div>
`;
