// Jest Snapshot v1, https://goo.gl/fbAQLP

exports[`The <ConversationList /> tests Should render rows properly 1`] = `
<div>
  <div
    data-testid="mock-mui-box"
  >
    <div
      data-testid="mock-conversation-row"
    />
    <div
      data-testid="mock-conversation-row"
    />
  </div>
</div>
`;
