// Jest Snapshot v1, https://goo.gl/fbAQLP

exports[`The <Unform /> tests Should match the snapshot 1`] = `
<div>
  <form
    data-testid="mock-form"
  >
    Form Fields
  </form>
</div>
`;
