// Jest Snapshot v1, https://goo.gl/fbAQLP

exports[`The <AppMenu /> tests Should match the snapshot 1`] = `
<div>
  <div
    class="root"
  >
    <img
      data-testid="mock-mui-avatar"
      src="https://picsum.photos/200"
    />
    <div
      data-testid="mock-mui-box"
    >
      <div
        data-testid="mock-mui-typography"
      >
        Hi, 
        Logan
      </div>
      <button
        data-testid="mock-mui-button"
      >
        signOut
      </button>
    </div>
  </div>
</div>
`;
