// Jest Snapshot v1, https://goo.gl/fbAQLP

exports[`The <VerifyToken /> tests Should match the snapshot 1`] = `
<div>
  verify token...
</div>
`;
