// Jest Snapshot v1, https://goo.gl/fbAQLP

exports[`The <MessageZone /> tests Should match the snapshot 1`] = `
<div>
  <div
    data-testid="mui-box"
  >
    <div
      data-testid="mui-box"
    >
      <div
        data-testid="mock-message-list"
      />
    </div>
    <div
      data-testid="mui-box"
    >
      <form
        data-disabled="false"
        data-testid="mock-send-message-form"
      />
    </div>
  </div>
</div>
`;
