// Jest Snapshot v1, https://goo.gl/fbAQLP

exports[`The <ConversationNoMessage /> tests Should match the snapshot 1`] = `
<div>
  No message
</div>
`;
