// Jest Snapshot v1, https://goo.gl/fbAQLP

exports[`The <Layout /> tests Should match the snapshot 1`] = `
<div>
  <div
    class="root"
  >
    <div
      class="container"
    >
      <div
        data-testid="mock-app-menu"
      />
      <div
        class="content"
      >
        layout children
      </div>
    </div>
  </div>
</div>
`;
