// Jest Snapshot v1, https://goo.gl/fbAQLP

exports[`CardActionArea Component Tests Should match the snapshot 1`] = `
<div>
  <div
    data-testid="mock-mui-card-action-area"
  >
    custom children
  </div>
</div>
`;
