// Jest Snapshot v1, https://goo.gl/fbAQLP

exports[`The <ConversationMessageBody /> tests Should match the snapshot 1`] = `
<div>
  the message body
</div>
`;
